// Jest Snapshot v1, https://goo.gl/fbAQLP

exports[`Support page should render Support component 1`] = `null`;
